<ClCompile Include="client\avi\avi_stub.c" />
<ClCompile Include="client\avi\avi_win.c" />
<ClCompile Include="client\cl_cmds.c" />
<ClCompile Include="client\cl_custom.c" />
<ClCompile Include="client\cl_debug.c" />
<ClCompile Include="client\cl_demo.c" />
<ClCompile Include="client\cl_efrag.c" />
<ClCompile Include="client\cl_efx.c" />
<ClCompile Include="client\cl_events.c" />
<ClCompile Include="client\cl_frame.c" />
<ClCompile Include="client\cl_game.c" />
<ClCompile Include="client\cl_gameui.c" />
<ClCompile Include="client\cl_main.c" />
<ClCompile Include="client\cl_mobile.c" />
<ClCompile Include="client\cl_netgraph.c" />
<ClCompile Include="client\cl_parse.c" />
<ClCompile Include="client\cl_pmove.c" />
<ClCompile Include="client\cl_qparse.c" />
<ClCompile Include="client\cl_remap.c" />
<ClCompile Include="client\cl_render.c" />
<ClCompile Include="client\cl_scrn.c" />
<ClCompile Include="client\cl_securedstub.c" />
<ClCompile Include="client\cl_tent.c" />
<ClCompile Include="client\cl_video.c" />
<ClCompile Include="client\cl_view.c" />
<ClCompile Include="client\console.c" />
<ClCompile Include="client\in_joy.c" />
<ClCompile Include="client\in_touch.c" />
<ClCompile Include="client\input.c" />
<ClCompile Include="client\keys.c" />
<ClCompile Include="client\mod_dbghulls.c" />
<ClCompile Include="client\ref_common.c" />
<ClCompile Include="client\s_dsp.c" />
<ClCompile Include="client\s_load.c" />
<ClCompile Include="client\s_main.c" />
<ClCompile Include="client\s_mix.c" />
<ClCompile Include="client\s_mouth.c" />
<ClCompile Include="client\s_stream.c" />
<ClCompile Include="client\s_utils.c" />
<ClCompile Include="client\s_vox.c" />
<ClCompile Include="client\titles.c" />
<ClCompile Include="client\vgui\vgui_draw.c" />
<ClCompile Include="client\vid_common.c" />
<ClCompile Include="client\voice.c" />
<ClCompile Include="common\base_cmd.c" />
<ClCompile Include="common\cfgscript.c" />
<ClCompile Include="common\cmd.c" />
<ClCompile Include="common\common.c" />
<ClCompile Include="common\con_utils.c" />
<ClCompile Include="common\crashhandler.c" />
<ClCompile Include="common\custom.c" />
<ClCompile Include="common\cvar.c" />
<ClCompile Include="common\dedicated.c" />
<ClCompile Include="common\filesystem_engine.c" />
<ClCompile Include="common\gamma.c" />
<ClCompile Include="common\host.c" />
<ClCompile Include="common\host_state.c" />
<ClCompile Include="common\hpak.c" />
<ClCompile Include="common\identification.c" />
<ClCompile Include="common\imagelib\img_bmp.c" />
<ClCompile Include="common\imagelib\img_dds.c" />
<ClCompile Include="common\imagelib\img_main.c" />
<ClCompile Include="common\imagelib\img_png.c" />
<ClCompile Include="common\imagelib\img_quant.c" />
<ClCompile Include="common\imagelib\img_tga.c" />
<ClCompile Include="common\imagelib\img_utils.c" />
<ClCompile Include="common\imagelib\img_wad.c" />
<ClCompile Include="common\infostring.c" />
<ClCompile Include="common\launcher.c" />
<ClCompile Include="common\lib_common.c" />
<ClCompile Include="common\masterlist.c" />
<ClCompile Include="common\mod_bmodel.c" />
<ClCompile Include="common\mod_sprite.c" />
<ClCompile Include="common\mod_studio.c" />
<ClCompile Include="common\model.c" />
<ClCompile Include="common\net_buffer.c" />
<ClCompile Include="common\net_chan.c" />
<ClCompile Include="common\net_encode.c" />
<ClCompile Include="common\net_ws.c" />
<ClCompile Include="common\pm_debug.c" />
<ClCompile Include="common\pm_surface.c" />
<ClCompile Include="common\pm_trace.c" />
<ClCompile Include="common\sequence.c" />
<ClCompile Include="common\soundlib\libmpg\dct36.c" />
<ClCompile Include="common\soundlib\libmpg\dct64.c" />
<ClCompile Include="common\soundlib\libmpg\format.c" />
<ClCompile Include="common\soundlib\libmpg\frame.c" />
<ClCompile Include="common\soundlib\libmpg\index.c" />
<ClCompile Include="common\soundlib\libmpg\layer3.c" />
<ClCompile Include="common\soundlib\libmpg\libmpg.c" />
<ClCompile Include="common\soundlib\libmpg\mpg123.c" />
<ClCompile Include="common\soundlib\libmpg\parse.c" />
<ClCompile Include="common\soundlib\libmpg\reader.c" />
<ClCompile Include="common\soundlib\libmpg\synth.c" />
<ClCompile Include="common\soundlib\libmpg\tabinit.c" />
<ClCompile Include="common\soundlib\snd_main.c" />
<ClCompile Include="common\soundlib\snd_mp3.c" />
<ClCompile Include="common\soundlib\snd_utils.c" />
<ClCompile Include="common\soundlib\snd_wav.c" />
<ClCompile Include="common\sys_con.c" />
<ClCompile Include="common\system.c" />
<ClCompile Include="common\whereami.c" />
<ClCompile Include="common\world.c" />
<ClCompile Include="common\zone.c" />
<ClCompile Include="platform\android\android.c" />
<ClCompile Include="platform\android\dlsym-weak.cpp" />
<ClCompile Include="platform\android\lib_android.c" />
<ClCompile Include="platform\android\snd_opensles.c" />
<ClCompile Include="platform\android\vid_android.c" />
<ClCompile Include="platform\apple\lib_ios.c" />
<ClCompile Include="platform\dos\in_dos.c" />
<ClCompile Include="platform\dos\sys_dos.c" />
<ClCompile Include="platform\dos\vid_dos.c" />
<ClCompile Include="platform\emscripten\lib_em.c" />
<ClCompile Include="platform\linux\in_evdev.c" />
<ClCompile Include="platform\linux\s_alsa.c" />
<ClCompile Include="platform\linux\sys_linux.c" />
<ClCompile Include="platform\linux\vid_fbdev.c" />
<ClCompile Include="platform\misc\kmalloc.c" />
<ClCompile Include="platform\misc\lib_static.c" />
<ClCompile Include="platform\misc\sbrk.c" />
<ClCompile Include="platform\posix\lib_posix.c" />
<ClCompile Include="platform\posix\sys_posix.c" />
<ClCompile Include="platform\sdl\events.c" />
<ClCompile Include="platform\sdl\in_sdl.c" />
<ClCompile Include="platform\sdl\s_sdl.c" />
<ClCompile Include="platform\sdl\sys_sdl.c" />
<ClCompile Include="platform\sdl\vid_sdl.c" />
<ClCompile Include="platform\stub\s_stub.c" />
<ClCompile Include="platform\win32\con_win.c" />
<ClCompile Include="platform\win32\lib_custom_win.c" />
<ClCompile Include="platform\win32\lib_win.c" />
<ClCompile Include="platform\win32\sys_win.c" />
<ClCompile Include="server\sv_client.c" />
<ClCompile Include="server\sv_cmds.c" />
<ClCompile Include="server\sv_custom.c" />
<ClCompile Include="server\sv_filter.c" />
<ClCompile Include="server\sv_frame.c" />
<ClCompile Include="server\sv_game.c" />
<ClCompile Include="server\sv_init.c" />
<ClCompile Include="server\sv_log.c" />
<ClCompile Include="server\sv_main.c" />
<ClCompile Include="server\sv_move.c" />
<ClCompile Include="server\sv_phys.c" />
<ClCompile Include="server\sv_pmove.c" />
<ClCompile Include="server\sv_save.c" />
<ClCompile Include="server\sv_world.c" />

<ClInclude Include="alias.h" />
<ClInclude Include="anorms.h" />
<ClInclude Include="cdll_exp.h" />
<ClInclude Include="cdll_int.h" />
<ClInclude Include="client\avi\avi.h" />
<ClInclude Include="client\cl_tent.h" />
<ClInclude Include="client\client.h" />
<ClInclude Include="client\input.h" />
<ClInclude Include="client\ref_common.h" />
<ClInclude Include="client\sound.h" />
<ClInclude Include="client\vgui\vgui_draw.h" />
<ClInclude Include="client\vid_common.h" />
<ClInclude Include="client\voice.h" />
<ClInclude Include="client\vox.h" />
<ClInclude Include="common\base_cmd.h" />
<ClInclude Include="common\com_strings.h" />
<ClInclude Include="common\common.h" />
<ClInclude Include="common\cvar.h" />
<ClInclude Include="common\hpak.h" />
<ClInclude Include="common\imagelib\imagelib.h" />
<ClInclude Include="common\imagelib\img_bmp.h" />
<ClInclude Include="common\imagelib\img_dds.h" />
<ClInclude Include="common\imagelib\img_png.h" />
<ClInclude Include="common\imagelib\img_tga.h" />
<ClInclude Include="common\library.h" />
<ClInclude Include="common\mod_local.h" />
<ClInclude Include="common\net_buffer.h" />
<ClInclude Include="common\net_encode.h" />
<ClInclude Include="common\net_ws.h" />
<ClInclude Include="common\netchan.h" />
<ClInclude Include="common\pm_local.h" />
<ClInclude Include="common\protocol.h" />
<ClInclude Include="common\soundlib\libmpg\fmt123.h" />
<ClInclude Include="common\soundlib\libmpg\frame.h" />
<ClInclude Include="common\soundlib\libmpg\getbits.h" />
<ClInclude Include="common\soundlib\libmpg\huffman.h" />
<ClInclude Include="common\soundlib\libmpg\index.h" />
<ClInclude Include="common\soundlib\libmpg\libmpg.h" />
<ClInclude Include="common\soundlib\libmpg\mpeghead.h" />
<ClInclude Include="common\soundlib\libmpg\mpg123.h" />
<ClInclude Include="common\soundlib\libmpg\reader.h" />
<ClInclude Include="common\soundlib\libmpg\sample.h" />
<ClInclude Include="common\soundlib\libmpg\synth.h" />
<ClInclude Include="common\soundlib\soundlib.h" />
<ClInclude Include="common\system.h" />
<ClInclude Include="common\tests.h" />
<ClInclude Include="common\whereami.h" />
<ClInclude Include="common\world.h" />
<ClInclude Include="cursor_type.h" />
<ClInclude Include="custom.h" />
<ClInclude Include="customentity.h" />
<ClInclude Include="edict.h" />
<ClInclude Include="eiface.h" />
<ClInclude Include="key_modifiers.h" />
<ClInclude Include="keydefs.h" />
<ClInclude Include="menu_int.h" />
<ClInclude Include="mobility_int.h" />
<ClInclude Include="physint.h" />
<ClInclude Include="platform\android\android_priv.h" />
<ClInclude Include="platform\android\dlsym-weak.h" />
<ClInclude Include="platform\android\lib_android.h" />
<ClInclude Include="platform\android\linker.h" />
<ClInclude Include="platform\apple\lib_ios.h" />
<ClInclude Include="platform\emscripten\lib_em.h" />
<ClInclude Include="platform\misc\swap.h" />
<ClInclude Include="platform\platform.h" />
<ClInclude Include="platform\sdl\events.h" />
<ClInclude Include="platform\stub\net_stub.h" />
<ClInclude Include="platform\win32\lib_win.h" />
<ClInclude Include="progdefs.h" />
<ClInclude Include="ref_api.h" />
<ClInclude Include="sequence.h" />
<ClInclude Include="server\server.h" />
<ClInclude Include="shake.h" />
<ClInclude Include="sprite.h" />
<ClInclude Include="studio.h" />
<ClInclude Include="vgui_api.h" />
<ClInclude Include="warpsin.h" />
